// Jest Snapshot v1, https://goo.gl/fbAQLP

exports[`SitesList renders the component 1`] = `
<ul class="sites-list">
  <siteslistitem-stub></siteslistitem-stub>
  <siteslistitem-stub></siteslistitem-stub>
  <siteslistitem-stub></siteslistitem-stub>
  <siteslistitem-stub></siteslistitem-stub>
  <siteslistitem-stub></siteslistitem-stub>
  <siteslistitem-stub></siteslistitem-stub>
  <siteslistitem-stub></siteslistitem-stub>
  <siteslistitem-stub></siteslistitem-stub>
  <siteslistitem-stub></siteslistitem-stub>
  <siteslistitem-stub></siteslistitem-stub>
  <siteslistitem-stub></siteslistitem-stub>
  <siteslistitem-stub></siteslistitem-stub>
  <siteslistitem-stub></siteslistitem-stub>
  <siteslistitem-stub></siteslistitem-stub>
  <siteslistitem-stub></siteslistitem-stub>
  <siteslistitem-stub></siteslistitem-stub>
  <siteslistitem-stub></siteslistitem-stub>
  <siteslistitem-stub></siteslistitem-stub>
  <siteslistitem-stub></siteslistitem-stub>
  <siteslistitem-stub></siteslistitem-stub>
  <siteslistitem-stub></siteslistitem-stub>
  <siteslistitem-stub></siteslistitem-stub>
  <siteslistitem-stub></siteslistitem-stub>
  <siteslistitem-stub></siteslistitem-stub>
  <siteslistitem-stub></siteslistitem-stub>
  <siteslistitem-stub></siteslistitem-stub>
  <siteslistitem-stub></siteslistitem-stub>
  <siteslistitem-stub></siteslistitem-stub>
  <siteslistitem-stub></siteslistitem-stub>
  <siteslistitem-stub></siteslistitem-stub>
  <siteslistitem-stub></siteslistitem-stub>
  <siteslistitem-stub></siteslistitem-stub>
  <siteslistitem-stub></siteslistitem-stub>
  <siteslistitem-stub></siteslistitem-stub>
  <siteslistitem-stub></siteslistitem-stub>
  <siteslistitem-stub></siteslistitem-stub>
  <siteslistitem-stub></siteslistitem-stub>
  <siteslistitem-stub></siteslistitem-stub>
  <siteslistitem-stub></siteslistitem-stub>
  <siteslistitem-stub></siteslistitem-stub>
  <siteslistitem-stub></siteslistitem-stub>
  <siteslistitem-stub></siteslistitem-stub>
  <siteslistitem-stub></siteslistitem-stub>
  <siteslistitem-stub></siteslistitem-stub>
  <siteslistitem-stub></siteslistitem-stub>
  <siteslistitem-stub></siteslistitem-stub>
  <siteslistitem-stub></siteslistitem-stub>
  <siteslistitem-stub></siteslistitem-stub>
  <siteslistitem-stub></siteslistitem-stub>
  <siteslistitem-stub></siteslistitem-stub>
  <siteslistitem-stub></siteslistitem-stub>
  <siteslistitem-stub></siteslistitem-stub>
  <siteslistitem-stub></siteslistitem-stub>
  <siteslistitem-stub></siteslistitem-stub>
  <siteslistitem-stub></siteslistitem-stub>
  <siteslistitem-stub></siteslistitem-stub>
  <siteslistitem-stub></siteslistitem-stub>
  <siteslistitem-stub></siteslistitem-stub>
  <siteslistitem-stub></siteslistitem-stub>
  <siteslistitem-stub></siteslistitem-stub>
  <siteslistitem-stub></siteslistitem-stub>
  <siteslistitem-stub></siteslistitem-stub>
  <siteslistitem-stub></siteslistitem-stub>
  <siteslistitem-stub></siteslistitem-stub>
  <siteslistitem-stub></siteslistitem-stub>
  <siteslistitem-stub></siteslistitem-stub>
  <siteslistitem-stub></siteslistitem-stub>
  <siteslistitem-stub></siteslistitem-stub>
  <siteslistitem-stub></siteslistitem-stub>
  <siteslistitem-stub></siteslistitem-stub>
  <siteslistitem-stub></siteslistitem-stub>
  <siteslistitem-stub></siteslistitem-stub>
  <siteslistitem-stub></siteslistitem-stub>
  <siteslistitem-stub></siteslistitem-stub>
  <siteslistitem-stub></siteslistitem-stub>
  <siteslistitem-stub></siteslistitem-stub>
  <siteslistitem-stub></siteslistitem-stub>
  <siteslistitem-stub></siteslistitem-stub>
  <siteslistitem-stub></siteslistitem-stub>
  <siteslistitem-stub></siteslistitem-stub>
  <siteslistitem-stub></siteslistitem-stub>
  <siteslistitem-stub></siteslistitem-stub>
  <siteslistitem-stub></siteslistitem-stub>
  <siteslistitem-stub></siteslistitem-stub>
  <siteslistitem-stub></siteslistitem-stub>
  <siteslistitem-stub></siteslistitem-stub>
  <siteslistitem-stub></siteslistitem-stub>
  <siteslistitem-stub></siteslistitem-stub>
  <siteslistitem-stub></siteslistitem-stub>
  <siteslistitem-stub></siteslistitem-stub>
  <siteslistitem-stub></siteslistitem-stub>
  <siteslistitem-stub></siteslistitem-stub>
  <siteslistitem-stub></siteslistitem-stub>
  <siteslistitem-stub></siteslistitem-stub>
  <siteslistitem-stub></siteslistitem-stub>
  <siteslistitem-stub></siteslistitem-stub>
  <siteslistitem-stub></siteslistitem-stub>
  <siteslistitem-stub></siteslistitem-stub>
  <siteslistitem-stub></siteslistitem-stub>
  <siteslistitem-stub></siteslistitem-stub>
  <siteslistitem-stub></siteslistitem-stub>
  <siteslistitem-stub></siteslistitem-stub>
  <siteslistitem-stub></siteslistitem-stub>
  <siteslistitem-stub></siteslistitem-stub>
  <siteslistitem-stub></siteslistitem-stub>
  <siteslistitem-stub></siteslistitem-stub>
  <siteslistitem-stub></siteslistitem-stub>
  <siteslistitem-stub></siteslistitem-stub>
  <siteslistitem-stub></siteslistitem-stub>
  <siteslistitem-stub></siteslistitem-stub>
  <siteslistitem-stub></siteslistitem-stub>
  <siteslistitem-stub></siteslistitem-stub>
  <siteslistitem-stub></siteslistitem-stub>
  <siteslistitem-stub></siteslistitem-stub>
  <siteslistitem-stub></siteslistitem-stub>
  <siteslistitem-stub></siteslistitem-stub>
  <siteslistitem-stub></siteslistitem-stub>
  <siteslistitem-stub></siteslistitem-stub>
  <siteslistitem-stub></siteslistitem-stub>
  <siteslistitem-stub></siteslistitem-stub>
  <siteslistitem-stub></siteslistitem-stub>
  <siteslistitem-stub></siteslistitem-stub>
  <siteslistitem-stub></siteslistitem-stub>
  <siteslistitem-stub></siteslistitem-stub>
  <siteslistitem-stub></siteslistitem-stub>
  <siteslistitem-stub></siteslistitem-stub>
  <siteslistitem-stub></siteslistitem-stub>
  <siteslistitem-stub></siteslistitem-stub>
  <siteslistitem-stub></siteslistitem-stub>
  <siteslistitem-stub></siteslistitem-stub>
  <siteslistitem-stub></siteslistitem-stub>
  <siteslistitem-stub></siteslistitem-stub>
  <siteslistitem-stub></siteslistitem-stub>
  <siteslistitem-stub></siteslistitem-stub>
  <siteslistitem-stub></siteslistitem-stub>
  <siteslistitem-stub></siteslistitem-stub>
  <siteslistitem-stub></siteslistitem-stub>
  <siteslistitem-stub></siteslistitem-stub>
  <siteslistitem-stub></siteslistitem-stub>
  <siteslistitem-stub></siteslistitem-stub>
  <siteslistitem-stub></siteslistitem-stub>
  <siteslistitem-stub></siteslistitem-stub>
  <siteslistitem-stub></siteslistitem-stub>
  <siteslistitem-stub></siteslistitem-stub>
  <siteslistitem-stub></siteslistitem-stub>
  <siteslistitem-stub></siteslistitem-stub>
  <siteslistitem-stub></siteslistitem-stub>
  <siteslistitem-stub></siteslistitem-stub>
  <siteslistitem-stub></siteslistitem-stub>
  <siteslistitem-stub></siteslistitem-stub>
  <siteslistitem-stub></siteslistitem-stub>
  <siteslistitem-stub></siteslistitem-stub>
  <siteslistitem-stub></siteslistitem-stub>
  <siteslistitem-stub></siteslistitem-stub>
  <siteslistitem-stub></siteslistitem-stub>
  <siteslistitem-stub></siteslistitem-stub>
  <siteslistitem-stub></siteslistitem-stub>
  <siteslistitem-stub></siteslistitem-stub>
  <siteslistitem-stub></siteslistitem-stub>
  <siteslistitem-stub></siteslistitem-stub>
  <siteslistitem-stub></siteslistitem-stub>
  <siteslistitem-stub></siteslistitem-stub>
  <siteslistitem-stub></siteslistitem-stub>
  <siteslistitem-stub></siteslistitem-stub>
  <siteslistitem-stub></siteslistitem-stub>
  <siteslistitem-stub></siteslistitem-stub>
  <siteslistitem-stub></siteslistitem-stub>
  <siteslistitem-stub></siteslistitem-stub>
  <siteslistitem-stub></siteslistitem-stub>
  <siteslistitem-stub></siteslistitem-stub>
  <siteslistitem-stub></siteslistitem-stub>
  <siteslistitem-stub></siteslistitem-stub>
  <siteslistitem-stub></siteslistitem-stub>
  <siteslistitem-stub></siteslistitem-stub>
  <siteslistitem-stub></siteslistitem-stub>
  <siteslistitem-stub></siteslistitem-stub>
  <siteslistitem-stub></siteslistitem-stub>
  <siteslistitem-stub></siteslistitem-stub>
  <siteslistitem-stub></siteslistitem-stub>
  <siteslistitem-stub></siteslistitem-stub>
  <siteslistitem-stub></siteslistitem-stub>
  <siteslistitem-stub></siteslistitem-stub>
  <siteslistitem-stub></siteslistitem-stub>
  <siteslistitem-stub></siteslistitem-stub>
  <siteslistitem-stub></siteslistitem-stub>
  <siteslistitem-stub></siteslistitem-stub>
  <siteslistitem-stub></siteslistitem-stub>
  <siteslistitem-stub></siteslistitem-stub>
  <siteslistitem-stub></siteslistitem-stub>
  <siteslistitem-stub></siteslistitem-stub>
  <siteslistitem-stub></siteslistitem-stub>
  <siteslistitem-stub></siteslistitem-stub>
  <siteslistitem-stub></siteslistitem-stub>
  <siteslistitem-stub></siteslistitem-stub>
  <siteslistitem-stub></siteslistitem-stub>
  <siteslistitem-stub></siteslistitem-stub>
  <siteslistitem-stub></siteslistitem-stub>
  <siteslistitem-stub></siteslistitem-stub>
  <siteslistitem-stub></siteslistitem-stub>
  <siteslistitem-stub></siteslistitem-stub>
  <siteslistitem-stub></siteslistitem-stub>
  <siteslistitem-stub></siteslistitem-stub>
  <siteslistitem-stub></siteslistitem-stub>
  <siteslistitem-stub></siteslistitem-stub>
  <siteslistitem-stub></siteslistitem-stub>
  <siteslistitem-stub></siteslistitem-stub>
  <siteslistitem-stub></siteslistitem-stub>
  <siteslistitem-stub></siteslistitem-stub>
  <siteslistitem-stub></siteslistitem-stub>
  <siteslistitem-stub></siteslistitem-stub>
  <siteslistitem-stub></siteslistitem-stub>
  <siteslistitem-stub></siteslistitem-stub>
  <siteslistitem-stub></siteslistitem-stub>
  <siteslistitem-stub></siteslistitem-stub>
  <siteslistitem-stub></siteslistitem-stub>
  <siteslistitem-stub></siteslistitem-stub>
  <siteslistitem-stub></siteslistitem-stub>
  <siteslistitem-stub></siteslistitem-stub>
  <siteslistitem-stub></siteslistitem-stub>
  <siteslistitem-stub></siteslistitem-stub>
  <siteslistitem-stub></siteslistitem-stub>
  <siteslistitem-stub></siteslistitem-stub>
  <siteslistitem-stub></siteslistitem-stub>
  <siteslistitem-stub></siteslistitem-stub>
  <siteslistitem-stub></siteslistitem-stub>
  <siteslistitem-stub></siteslistitem-stub>
  <siteslistitem-stub></siteslistitem-stub>
  <siteslistitem-stub></siteslistitem-stub>
  <siteslistitem-stub></siteslistitem-stub>
  <siteslistitem-stub></siteslistitem-stub>
  <siteslistitem-stub></siteslistitem-stub>
  <siteslistitem-stub></siteslistitem-stub>
  <siteslistitem-stub></siteslistitem-stub>
  <siteslistitem-stub></siteslistitem-stub>
  <siteslistitem-stub></siteslistitem-stub>
  <siteslistitem-stub></siteslistitem-stub>
  <siteslistitem-stub></siteslistitem-stub>
  <siteslistitem-stub></siteslistitem-stub>
  <siteslistitem-stub></siteslistitem-stub>
  <siteslistitem-stub></siteslistitem-stub>
  <siteslistitem-stub></siteslistitem-stub>
  <siteslistitem-stub></siteslistitem-stub>
  <siteslistitem-stub></siteslistitem-stub>
  <siteslistitem-stub></siteslistitem-stub>
  <siteslistitem-stub></siteslistitem-stub>
  <siteslistitem-stub></siteslistitem-stub>
  <siteslistitem-stub></siteslistitem-stub>
  <siteslistitem-stub></siteslistitem-stub>
  <siteslistitem-stub></siteslistitem-stub>
  <siteslistitem-stub></siteslistitem-stub>
  <siteslistitem-stub></siteslistitem-stub>
  <siteslistitem-stub></siteslistitem-stub>
  <siteslistitem-stub></siteslistitem-stub>
  <siteslistitem-stub></siteslistitem-stub>
  <siteslistitem-stub></siteslistitem-stub>
  <siteslistitem-stub></siteslistitem-stub>
  <siteslistitem-stub></siteslistitem-stub>
  <siteslistitem-stub></siteslistitem-stub>
  <siteslistitem-stub></siteslistitem-stub>
  <siteslistitem-stub></siteslistitem-stub>
  <siteslistitem-stub></siteslistitem-stub>
  <siteslistitem-stub></siteslistitem-stub>
  <siteslistitem-stub></siteslistitem-stub>
  <siteslistitem-stub></siteslistitem-stub>
  <siteslistitem-stub></siteslistitem-stub>
  <siteslistitem-stub></siteslistitem-stub>
  <siteslistitem-stub></siteslistitem-stub>
  <siteslistitem-stub></siteslistitem-stub>
  <siteslistitem-stub></siteslistitem-stub>
  <siteslistitem-stub></siteslistitem-stub>
  <siteslistitem-stub></siteslistitem-stub>
  <siteslistitem-stub></siteslistitem-stub>
  <siteslistitem-stub></siteslistitem-stub>
  <siteslistitem-stub></siteslistitem-stub>
  <siteslistitem-stub></siteslistitem-stub>
  <siteslistitem-stub></siteslistitem-stub>
  <siteslistitem-stub></siteslistitem-stub>
  <siteslistitem-stub></siteslistitem-stub>
  <siteslistitem-stub></siteslistitem-stub>
  <siteslistitem-stub></siteslistitem-stub>
  <siteslistitem-stub></siteslistitem-stub>
  <siteslistitem-stub></siteslistitem-stub>
  <siteslistitem-stub></siteslistitem-stub>
  <siteslistitem-stub></siteslistitem-stub>
  <siteslistitem-stub></siteslistitem-stub>
  <siteslistitem-stub></siteslistitem-stub>
  <siteslistitem-stub></siteslistitem-stub>
  <siteslistitem-stub></siteslistitem-stub>
  <siteslistitem-stub></siteslistitem-stub>
  <siteslistitem-stub></siteslistitem-stub>
  <siteslistitem-stub></siteslistitem-stub>
  <siteslistitem-stub></siteslistitem-stub>
  <siteslistitem-stub></siteslistitem-stub>
  <siteslistitem-stub></siteslistitem-stub>
  <siteslistitem-stub></siteslistitem-stub>
  <siteslistitem-stub></siteslistitem-stub>
  <siteslistitem-stub></siteslistitem-stub>
  <siteslistitem-stub></siteslistitem-stub>
  <siteslistitem-stub></siteslistitem-stub>
  <siteslistitem-stub></siteslistitem-stub>
  <siteslistitem-stub></siteslistitem-stub>
  <siteslistitem-stub></siteslistitem-stub>
  <siteslistitem-stub></siteslistitem-stub>
  <siteslistitem-stub></siteslistitem-stub>
  <siteslistitem-stub></siteslistitem-stub>
  <siteslistitem-stub></siteslistitem-stub>
  <siteslistitem-stub></siteslistitem-stub>
  <siteslistitem-stub></siteslistitem-stub>
  <siteslistitem-stub></siteslistitem-stub>
  <siteslistitem-stub></siteslistitem-stub>
  <siteslistitem-stub></siteslistitem-stub>
  <siteslistitem-stub></siteslistitem-stub>
  <siteslistitem-stub></siteslistitem-stub>
  <siteslistitem-stub></siteslistitem-stub>
  <siteslistitem-stub></siteslistitem-stub>
  <siteslistitem-stub></siteslistitem-stub>
  <siteslistitem-stub></siteslistitem-stub>
  <siteslistitem-stub></siteslistitem-stub>
  <siteslistitem-stub></siteslistitem-stub>
  <siteslistitem-stub></siteslistitem-stub>
  <siteslistitem-stub></siteslistitem-stub>
  <siteslistitem-stub></siteslistitem-stub>
  <siteslistitem-stub></siteslistitem-stub>
  <siteslistitem-stub></siteslistitem-stub>
  <siteslistitem-stub></siteslistitem-stub>
  <siteslistitem-stub></siteslistitem-stub>
  <siteslistitem-stub></siteslistitem-stub>
  <siteslistitem-stub></siteslistitem-stub>
  <siteslistitem-stub></siteslistitem-stub>
  <siteslistitem-stub></siteslistitem-stub>
  <siteslistitem-stub></siteslistitem-stub>
  <siteslistitem-stub></siteslistitem-stub>
  <siteslistitem-stub></siteslistitem-stub>
  <siteslistitem-stub></siteslistitem-stub>
  <siteslistitem-stub></siteslistitem-stub>
  <siteslistitem-stub></siteslistitem-stub>
  <siteslistitem-stub></siteslistitem-stub>
  <siteslistitem-stub></siteslistitem-stub>
  <siteslistitem-stub></siteslistitem-stub>
  <siteslistitem-stub></siteslistitem-stub>
  <siteslistitem-stub></siteslistitem-stub>
  <siteslistitem-stub></siteslistitem-stub>
  <siteslistitem-stub></siteslistitem-stub>
  <siteslistitem-stub></siteslistitem-stub>
  <siteslistitem-stub></siteslistitem-stub>
  <siteslistitem-stub></siteslistitem-stub>
  <siteslistitem-stub></siteslistitem-stub>
  <siteslistitem-stub></siteslistitem-stub>
  <siteslistitem-stub></siteslistitem-stub>
  <siteslistitem-stub></siteslistitem-stub>
  <siteslistitem-stub></siteslistitem-stub>
  <siteslistitem-stub></siteslistitem-stub>
  <siteslistitem-stub></siteslistitem-stub>
  <siteslistitem-stub></siteslistitem-stub>
  <siteslistitem-stub></siteslistitem-stub>
  <siteslistitem-stub></siteslistitem-stub>
  <siteslistitem-stub></siteslistitem-stub>
  <siteslistitem-stub></siteslistitem-stub>
  <siteslistitem-stub></siteslistitem-stub>
  <siteslistitem-stub></siteslistitem-stub>
  <siteslistitem-stub></siteslistitem-stub>
  <siteslistitem-stub></siteslistitem-stub>
  <siteslistitem-stub></siteslistitem-stub>
  <siteslistitem-stub></siteslistitem-stub>
  <siteslistitem-stub></siteslistitem-stub>
  <siteslistitem-stub></siteslistitem-stub>
  <siteslistitem-stub></siteslistitem-stub>
  <siteslistitem-stub></siteslistitem-stub>
  <siteslistitem-stub></siteslistitem-stub>
  <siteslistitem-stub></siteslistitem-stub>
  <siteslistitem-stub></siteslistitem-stub>
  <siteslistitem-stub></siteslistitem-stub>
  <siteslistitem-stub></siteslistitem-stub>
  <siteslistitem-stub></siteslistitem-stub>
  <siteslistitem-stub></siteslistitem-stub>
  <siteslistitem-stub></siteslistitem-stub>
  <siteslistitem-stub></siteslistitem-stub>
  <siteslistitem-stub></siteslistitem-stub>
  <siteslistitem-stub></siteslistitem-stub>
  <siteslistitem-stub></siteslistitem-stub>
  <siteslistitem-stub></siteslistitem-stub>
  <siteslistitem-stub></siteslistitem-stub>
  <siteslistitem-stub></siteslistitem-stub>
  <siteslistitem-stub></siteslistitem-stub>
  <siteslistitem-stub></siteslistitem-stub>
  <siteslistitem-stub></siteslistitem-stub>
  <siteslistitem-stub></siteslistitem-stub>
  <siteslistitem-stub></siteslistitem-stub>
  <siteslistitem-stub></siteslistitem-stub>
  <siteslistitem-stub></siteslistitem-stub>
  <siteslistitem-stub></siteslistitem-stub>
  <siteslistitem-stub></siteslistitem-stub>
  <siteslistitem-stub></siteslistitem-stub>
  <siteslistitem-stub></siteslistitem-stub>
  <siteslistitem-stub></siteslistitem-stub>
  <siteslistitem-stub></siteslistitem-stub>
  <siteslistitem-stub></siteslistitem-stub>
  <siteslistitem-stub></siteslistitem-stub>
  <siteslistitem-stub></siteslistitem-stub>
  <siteslistitem-stub></siteslistitem-stub>
  <siteslistitem-stub></siteslistitem-stub>
  <siteslistitem-stub></siteslistitem-stub>
  <siteslistitem-stub></siteslistitem-stub>
  <siteslistitem-stub></siteslistitem-stub>
  <siteslistitem-stub></siteslistitem-stub>
  <siteslistitem-stub></siteslistitem-stub>
  <siteslistitem-stub></siteslistitem-stub>
  <siteslistitem-stub></siteslistitem-stub>
  <siteslistitem-stub></siteslistitem-stub>
  <siteslistitem-stub></siteslistitem-stub>
  <siteslistitem-stub></siteslistitem-stub>
  <siteslistitem-stub></siteslistitem-stub>
  <siteslistitem-stub></siteslistitem-stub>
  <siteslistitem-stub></siteslistitem-stub>
  <siteslistitem-stub></siteslistitem-stub>
  <siteslistitem-stub></siteslistitem-stub>
  <siteslistitem-stub></siteslistitem-stub>
  <siteslistitem-stub></siteslistitem-stub>
  <siteslistitem-stub></siteslistitem-stub>
  <siteslistitem-stub></siteslistitem-stub>
  <siteslistitem-stub></siteslistitem-stub>
  <siteslistitem-stub></siteslistitem-stub>
  <siteslistitem-stub></siteslistitem-stub>
  <siteslistitem-stub></siteslistitem-stub>
  <siteslistitem-stub></siteslistitem-stub>
  <siteslistitem-stub></siteslistitem-stub>
  <siteslistitem-stub></siteslistitem-stub>
  <siteslistitem-stub></siteslistitem-stub>
  <siteslistitem-stub></siteslistitem-stub>
  <siteslistitem-stub></siteslistitem-stub>
  <siteslistitem-stub></siteslistitem-stub>
  <siteslistitem-stub></siteslistitem-stub>
  <siteslistitem-stub></siteslistitem-stub>
  <siteslistitem-stub></siteslistitem-stub>
  <siteslistitem-stub></siteslistitem-stub>
  <siteslistitem-stub></siteslistitem-stub>
  <siteslistitem-stub></siteslistitem-stub>
  <siteslistitem-stub></siteslistitem-stub>
  <siteslistitem-stub></siteslistitem-stub>
  <siteslistitem-stub></siteslistitem-stub>
  <siteslistitem-stub></siteslistitem-stub>
  <siteslistitem-stub></siteslistitem-stub>
  <siteslistitem-stub></siteslistitem-stub>
  <siteslistitem-stub></siteslistitem-stub>
  <siteslistitem-stub></siteslistitem-stub>
  <siteslistitem-stub></siteslistitem-stub>
  <siteslistitem-stub></siteslistitem-stub>
  <siteslistitem-stub></siteslistitem-stub>
  <siteslistitem-stub></siteslistitem-stub>
  <siteslistitem-stub></siteslistitem-stub>
  <siteslistitem-stub></siteslistitem-stub>
  <siteslistitem-stub></siteslistitem-stub>
  <siteslistitem-stub></siteslistitem-stub>
  <siteslistitem-stub></siteslistitem-stub>
  <siteslistitem-stub></siteslistitem-stub>
  <siteslistitem-stub></siteslistitem-stub>
  <siteslistitem-stub></siteslistitem-stub>
  <siteslistitem-stub></siteslistitem-stub>
  <siteslistitem-stub></siteslistitem-stub>
  <siteslistitem-stub></siteslistitem-stub>
  <siteslistitem-stub></siteslistitem-stub>
  <siteslistitem-stub></siteslistitem-stub>
  <siteslistitem-stub></siteslistitem-stub>
  <siteslistitem-stub></siteslistitem-stub>
  <siteslistitem-stub></siteslistitem-stub>
  <siteslistitem-stub></siteslistitem-stub>
  <siteslistitem-stub></siteslistitem-stub>
  <siteslistitem-stub></siteslistitem-stub>
  <siteslistitem-stub></siteslistitem-stub>
  <siteslistitem-stub></siteslistitem-stub>
  <siteslistitem-stub></siteslistitem-stub>
  <siteslistitem-stub></siteslistitem-stub>
  <siteslistitem-stub></siteslistitem-stub>
  <siteslistitem-stub></siteslistitem-stub>
  <siteslistitem-stub></siteslistitem-stub>
  <siteslistitem-stub></siteslistitem-stub>
  <siteslistitem-stub></siteslistitem-stub>
  <siteslistitem-stub></siteslistitem-stub>
  <siteslistitem-stub></siteslistitem-stub>
  <siteslistitem-stub></siteslistitem-stub>
  <siteslistitem-stub></siteslistitem-stub>
  <siteslistitem-stub></siteslistitem-stub>
  <siteslistitem-stub></siteslistitem-stub>
  <siteslistitem-stub></siteslistitem-stub>
  <siteslistitem-stub></siteslistitem-stub>
  <siteslistitem-stub></siteslistitem-stub>
  <siteslistitem-stub></siteslistitem-stub>
  <siteslistitem-stub></siteslistitem-stub>
  <siteslistitem-stub></siteslistitem-stub>
  <siteslistitem-stub></siteslistitem-stub>
  <siteslistitem-stub></siteslistitem-stub>
  <siteslistitem-stub></siteslistitem-stub>
  <siteslistitem-stub></siteslistitem-stub>
  <siteslistitem-stub></siteslistitem-stub>
  <siteslistitem-stub></siteslistitem-stub>
  <siteslistitem-stub></siteslistitem-stub>
  <siteslistitem-stub></siteslistitem-stub>
  <siteslistitem-stub></siteslistitem-stub>
  <siteslistitem-stub></siteslistitem-stub>
  <siteslistitem-stub></siteslistitem-stub>
  <siteslistitem-stub></siteslistitem-stub>
  <siteslistitem-stub></siteslistitem-stub>
  <siteslistitem-stub></siteslistitem-stub>
  <siteslistitem-stub></siteslistitem-stub>
  <siteslistitem-stub></siteslistitem-stub>
  <siteslistitem-stub></siteslistitem-stub>
  <siteslistitem-stub></siteslistitem-stub>
  <siteslistitem-stub></siteslistitem-stub>
  <siteslistitem-stub></siteslistitem-stub>
  <siteslistitem-stub></siteslistitem-stub>
  <siteslistitem-stub></siteslistitem-stub>
  <siteslistitem-stub></siteslistitem-stub>
  <siteslistitem-stub></siteslistitem-stub>
  <siteslistitem-stub></siteslistitem-stub>
  <siteslistitem-stub></siteslistitem-stub>
  <siteslistitem-stub></siteslistitem-stub>
  <siteslistitem-stub></siteslistitem-stub>
  <siteslistitem-stub></siteslistitem-stub>
  <siteslistitem-stub></siteslistitem-stub>
  <siteslistitem-stub></siteslistitem-stub>
  <siteslistitem-stub></siteslistitem-stub>
  <siteslistitem-stub></siteslistitem-stub>
  <siteslistitem-stub></siteslistitem-stub>
  <siteslistitem-stub></siteslistitem-stub>
  <siteslistitem-stub></siteslistitem-stub>
  <siteslistitem-stub></siteslistitem-stub>
  <siteslistitem-stub></siteslistitem-stub>
  <siteslistitem-stub></siteslistitem-stub>
  <siteslistitem-stub></siteslistitem-stub>
  <siteslistitem-stub></siteslistitem-stub>
  <siteslistitem-stub></siteslistitem-stub>
  <siteslistitem-stub></siteslistitem-stub>
  <siteslistitem-stub></siteslistitem-stub>
  <siteslistitem-stub></siteslistitem-stub>
  <siteslistitem-stub></siteslistitem-stub>
  <siteslistitem-stub></siteslistitem-stub>
  <siteslistitem-stub></siteslistitem-stub>
  <siteslistitem-stub></siteslistitem-stub>
  <siteslistitem-stub></siteslistitem-stub>
  <siteslistitem-stub></siteslistitem-stub>
  <siteslistitem-stub></siteslistitem-stub>
  <siteslistitem-stub></siteslistitem-stub>
  <siteslistitem-stub></siteslistitem-stub>
  <siteslistitem-stub></siteslistitem-stub>
  <siteslistitem-stub></siteslistitem-stub>
  <siteslistitem-stub></siteslistitem-stub>
  <siteslistitem-stub></siteslistitem-stub>
  <siteslistitem-stub></siteslistitem-stub>
  <siteslistitem-stub></siteslistitem-stub>
  <siteslistitem-stub></siteslistitem-stub>
  <siteslistitem-stub></siteslistitem-stub>
  <siteslistitem-stub></siteslistitem-stub>
  <siteslistitem-stub></siteslistitem-stub>
  <siteslistitem-stub></siteslistitem-stub>
  <siteslistitem-stub></siteslistitem-stub>
  <siteslistitem-stub></siteslistitem-stub>
  <siteslistitem-stub></siteslistitem-stub>
  <siteslistitem-stub></siteslistitem-stub>
  <siteslistitem-stub></siteslistitem-stub>
  <siteslistitem-stub></siteslistitem-stub>
  <siteslistitem-stub></siteslistitem-stub>
  <siteslistitem-stub></siteslistitem-stub>
  <siteslistitem-stub></siteslistitem-stub>
  <siteslistitem-stub></siteslistitem-stub>
  <siteslistitem-stub></siteslistitem-stub>
  <siteslistitem-stub></siteslistitem-stub>
  <siteslistitem-stub></siteslistitem-stub>
  <siteslistitem-stub></siteslistitem-stub>
  <siteslistitem-stub></siteslistitem-stub>
  <siteslistitem-stub></siteslistitem-stub>
  <siteslistitem-stub></siteslistitem-stub>
  <siteslistitem-stub></siteslistitem-stub>
  <siteslistitem-stub></siteslistitem-stub>
  <siteslistitem-stub></siteslistitem-stub>
  <siteslistitem-stub></siteslistitem-stub>
  <siteslistitem-stub></siteslistitem-stub>
  <siteslistitem-stub></siteslistitem-stub>
  <siteslistitem-stub></siteslistitem-stub>
  <siteslistitem-stub></siteslistitem-stub>
  <siteslistitem-stub></siteslistitem-stub>
  <siteslistitem-stub></siteslistitem-stub>
  <siteslistitem-stub></siteslistitem-stub>
  <siteslistitem-stub></siteslistitem-stub>
  <siteslistitem-stub></siteslistitem-stub>
  <siteslistitem-stub></siteslistitem-stub>
  <siteslistitem-stub></siteslistitem-stub>
  <siteslistitem-stub></siteslistitem-stub>
  <siteslistitem-stub></siteslistitem-stub>
  <siteslistitem-stub></siteslistitem-stub>
  <siteslistitem-stub></siteslistitem-stub>
  <siteslistitem-stub></siteslistitem-stub>
  <siteslistitem-stub></siteslistitem-stub>
  <siteslistitem-stub></siteslistitem-stub>
  <siteslistitem-stub></siteslistitem-stub>
  <siteslistitem-stub></siteslistitem-stub>
  <siteslistitem-stub></siteslistitem-stub>
  <siteslistitem-stub></siteslistitem-stub>
  <siteslistitem-stub></siteslistitem-stub>
  <siteslistitem-stub></siteslistitem-stub>
  <siteslistitem-stub></siteslistitem-stub>
  <siteslistitem-stub></siteslistitem-stub>
  <siteslistitem-stub></siteslistitem-stub>
  <siteslistitem-stub></siteslistitem-stub>
  <siteslistitem-stub></siteslistitem-stub>
  <siteslistitem-stub></siteslistitem-stub>
  <siteslistitem-stub></siteslistitem-stub>
  <siteslistitem-stub></siteslistitem-stub>
  <siteslistitem-stub></siteslistitem-stub>
  <siteslistitem-stub></siteslistitem-stub>
  <siteslistitem-stub></siteslistitem-stub>
  <siteslistitem-stub></siteslistitem-stub>
  <siteslistitem-stub></siteslistitem-stub>
  <siteslistitem-stub></siteslistitem-stub>
  <siteslistitem-stub></siteslistitem-stub>
  <siteslistitem-stub></siteslistitem-stub>
  <siteslistitem-stub></siteslistitem-stub>
  <siteslistitem-stub></siteslistitem-stub>
  <siteslistitem-stub></siteslistitem-stub>
  <siteslistitem-stub></siteslistitem-stub>
  <siteslistitem-stub></siteslistitem-stub>
  <siteslistitem-stub></siteslistitem-stub>
  <siteslistitem-stub></siteslistitem-stub>
  <siteslistitem-stub></siteslistitem-stub>
  <siteslistitem-stub></siteslistitem-stub>
  <siteslistitem-stub></siteslistitem-stub>
  <siteslistitem-stub></siteslistitem-stub>
  <siteslistitem-stub></siteslistitem-stub>
  <siteslistitem-stub></siteslistitem-stub>
  <siteslistitem-stub></siteslistitem-stub>
  <siteslistitem-stub></siteslistitem-stub>
  <siteslistitem-stub></siteslistitem-stub>
  <siteslistitem-stub></siteslistitem-stub>
  <siteslistitem-stub></siteslistitem-stub>
  <siteslistitem-stub></siteslistitem-stub>
  <siteslistitem-stub></siteslistitem-stub>
  <siteslistitem-stub></siteslistitem-stub>
  <siteslistitem-stub></siteslistitem-stub>
  <siteslistitem-stub></siteslistitem-stub>
  <siteslistitem-stub></siteslistitem-stub>
  <siteslistitem-stub></siteslistitem-stub>
  <siteslistitem-stub></siteslistitem-stub>
  <siteslistitem-stub></siteslistitem-stub>
  <siteslistitem-stub></siteslistitem-stub>
  <siteslistitem-stub></siteslistitem-stub>
  <siteslistitem-stub></siteslistitem-stub>
  <siteslistitem-stub></siteslistitem-stub>
  <siteslistitem-stub></siteslistitem-stub>
  <siteslistitem-stub></siteslistitem-stub>
  <siteslistitem-stub></siteslistitem-stub>
  <siteslistitem-stub></siteslistitem-stub>
  <siteslistitem-stub></siteslistitem-stub>
  <siteslistitem-stub></siteslistitem-stub>
  <siteslistitem-stub></siteslistitem-stub>
  <siteslistitem-stub></siteslistitem-stub>
  <siteslistitem-stub></siteslistitem-stub>
  <siteslistitem-stub></siteslistitem-stub>
  <siteslistitem-stub></siteslistitem-stub>
  <siteslistitem-stub></siteslistitem-stub>
  <siteslistitem-stub></siteslistitem-stub>
  <siteslistitem-stub></siteslistitem-stub>
  <siteslistitem-stub></siteslistitem-stub>
  <siteslistitem-stub></siteslistitem-stub>
  <siteslistitem-stub></siteslistitem-stub>
  <siteslistitem-stub></siteslistitem-stub>
  <siteslistitem-stub></siteslistitem-stub>
  <siteslistitem-stub></siteslistitem-stub>
  <siteslistitem-stub></siteslistitem-stub>
  <siteslistitem-stub></siteslistitem-stub>
  <siteslistitem-stub></siteslistitem-stub>
  <siteslistitem-stub></siteslistitem-stub>
  <siteslistitem-stub></siteslistitem-stub>
  <siteslistitem-stub></siteslistitem-stub>
  <siteslistitem-stub></siteslistitem-stub>
  <siteslistitem-stub></siteslistitem-stub>
  <siteslistitem-stub></siteslistitem-stub>
  <siteslistitem-stub></siteslistitem-stub>
  <siteslistitem-stub></siteslistitem-stub>
  <siteslistitem-stub></siteslistitem-stub>
  <siteslistitem-stub></siteslistitem-stub>
  <siteslistitem-stub></siteslistitem-stub>
  <siteslistitem-stub></siteslistitem-stub>
  <siteslistitem-stub></siteslistitem-stub>
  <siteslistitem-stub></siteslistitem-stub>
  <siteslistitem-stub></siteslistitem-stub>
  <siteslistitem-stub></siteslistitem-stub>
  <siteslistitem-stub></siteslistitem-stub>
  <siteslistitem-stub></siteslistitem-stub>
  <siteslistitem-stub></siteslistitem-stub>
  <siteslistitem-stub></siteslistitem-stub>
  <siteslistitem-stub></siteslistitem-stub>
  <siteslistitem-stub></siteslistitem-stub>
  <siteslistitem-stub></siteslistitem-stub>
  <siteslistitem-stub></siteslistitem-stub>
  <siteslistitem-stub></siteslistitem-stub>
  <siteslistitem-stub></siteslistitem-stub>
  <siteslistitem-stub></siteslistitem-stub>
  <siteslistitem-stub></siteslistitem-stub>
  <siteslistitem-stub></siteslistitem-stub>
  <siteslistitem-stub></siteslistitem-stub>
  <siteslistitem-stub></siteslistitem-stub>
  <siteslistitem-stub></siteslistitem-stub>
  <siteslistitem-stub></siteslistitem-stub>
  <siteslistitem-stub></siteslistitem-stub>
  <siteslistitem-stub></siteslistitem-stub>
  <siteslistitem-stub></siteslistitem-stub>
  <siteslistitem-stub></siteslistitem-stub>
  <siteslistitem-stub></siteslistitem-stub>
  <siteslistitem-stub></siteslistitem-stub>
  <siteslistitem-stub></siteslistitem-stub>
  <siteslistitem-stub></siteslistitem-stub>
  <siteslistitem-stub></siteslistitem-stub>
  <siteslistitem-stub></siteslistitem-stub>
  <siteslistitem-stub></siteslistitem-stub>
  <siteslistitem-stub></siteslistitem-stub>
  <siteslistitem-stub></siteslistitem-stub>
  <siteslistitem-stub></siteslistitem-stub>
  <siteslistitem-stub></siteslistitem-stub>
  <siteslistitem-stub></siteslistitem-stub>
  <siteslistitem-stub></siteslistitem-stub>
  <siteslistitem-stub></siteslistitem-stub>
  <siteslistitem-stub></siteslistitem-stub>
  <siteslistitem-stub></siteslistitem-stub>
  <siteslistitem-stub></siteslistitem-stub>
  <siteslistitem-stub></siteslistitem-stub>
  <siteslistitem-stub></siteslistitem-stub>
  <siteslistitem-stub></siteslistitem-stub>
  <siteslistitem-stub></siteslistitem-stub>
  <siteslistitem-stub></siteslistitem-stub>
  <siteslistitem-stub></siteslistitem-stub>
  <siteslistitem-stub></siteslistitem-stub>
  <siteslistitem-stub></siteslistitem-stub>
  <siteslistitem-stub></siteslistitem-stub>
  <siteslistitem-stub></siteslistitem-stub>
  <siteslistitem-stub></siteslistitem-stub>
  <siteslistitem-stub></siteslistitem-stub>
  <siteslistitem-stub></siteslistitem-stub>
  <siteslistitem-stub></siteslistitem-stub>
  <siteslistitem-stub></siteslistitem-stub>
  <siteslistitem-stub></siteslistitem-stub>
  <siteslistitem-stub></siteslistitem-stub>
  <siteslistitem-stub></siteslistitem-stub>
  <siteslistitem-stub></siteslistitem-stub>
  <siteslistitem-stub></siteslistitem-stub>
  <siteslistitem-stub></siteslistitem-stub>
  <siteslistitem-stub></siteslistitem-stub>
  <siteslistitem-stub></siteslistitem-stub>
  <siteslistitem-stub></siteslistitem-stub>
  <siteslistitem-stub></siteslistitem-stub>
  <siteslistitem-stub></siteslistitem-stub>
  <siteslistitem-stub></siteslistitem-stub>
  <siteslistitem-stub></siteslistitem-stub>
  <siteslistitem-stub></siteslistitem-stub>
  <siteslistitem-stub></siteslistitem-stub>
  <siteslistitem-stub></siteslistitem-stub>
  <siteslistitem-stub></siteslistitem-stub>
  <siteslistitem-stub></siteslistitem-stub>
  <siteslistitem-stub></siteslistitem-stub>
  <siteslistitem-stub></siteslistitem-stub>
  <siteslistitem-stub></siteslistitem-stub>
  <siteslistitem-stub></siteslistitem-stub>
  <siteslistitem-stub></siteslistitem-stub>
  <siteslistitem-stub></siteslistitem-stub>
  <siteslistitem-stub></siteslistitem-stub>
  <siteslistitem-stub></siteslistitem-stub>
  <siteslistitem-stub></siteslistitem-stub>
  <siteslistitem-stub></siteslistitem-stub>
  <siteslistitem-stub></siteslistitem-stub>
  <siteslistitem-stub></siteslistitem-stub>
  <siteslistitem-stub></siteslistitem-stub>
  <siteslistitem-stub></siteslistitem-stub>
  <siteslistitem-stub></siteslistitem-stub>
  <siteslistitem-stub></siteslistitem-stub>
  <siteslistitem-stub></siteslistitem-stub>
  <siteslistitem-stub></siteslistitem-stub>
  <siteslistitem-stub></siteslistitem-stub>
  <siteslistitem-stub></siteslistitem-stub>
  <siteslistitem-stub></siteslistitem-stub>
  <siteslistitem-stub></siteslistitem-stub>
  <siteslistitem-stub></siteslistitem-stub>
  <siteslistitem-stub></siteslistitem-stub>
  <siteslistitem-stub></siteslistitem-stub>
  <siteslistitem-stub></siteslistitem-stub>
  <siteslistitem-stub></siteslistitem-stub>
  <siteslistitem-stub></siteslistitem-stub>
  <siteslistitem-stub></siteslistitem-stub>
  <siteslistitem-stub></siteslistitem-stub>
  <siteslistitem-stub></siteslistitem-stub>
  <siteslistitem-stub></siteslistitem-stub>
  <siteslistitem-stub></siteslistitem-stub>
  <siteslistitem-stub></siteslistitem-stub>
  <siteslistitem-stub></siteslistitem-stub>
  <siteslistitem-stub></siteslistitem-stub>
  <siteslistitem-stub></siteslistitem-stub>
  <siteslistitem-stub></siteslistitem-stub>
  <siteslistitem-stub></siteslistitem-stub>
  <siteslistitem-stub></siteslistitem-stub>
  <siteslistitem-stub></siteslistitem-stub>
  <siteslistitem-stub></siteslistitem-stub>
  <siteslistitem-stub></siteslistitem-stub>
  <siteslistitem-stub></siteslistitem-stub>
  <siteslistitem-stub></siteslistitem-stub>
  <siteslistitem-stub></siteslistitem-stub>
  <siteslistitem-stub></siteslistitem-stub>
  <siteslistitem-stub></siteslistitem-stub>
  <siteslistitem-stub></siteslistitem-stub>
  <siteslistitem-stub></siteslistitem-stub>
  <siteslistitem-stub></siteslistitem-stub>
  <siteslistitem-stub></siteslistitem-stub>
  <siteslistitem-stub></siteslistitem-stub>
  <siteslistitem-stub></siteslistitem-stub>
  <siteslistitem-stub></siteslistitem-stub>
  <siteslistitem-stub></siteslistitem-stub>
  <siteslistitem-stub></siteslistitem-stub>
  <siteslistitem-stub></siteslistitem-stub>
  <siteslistitem-stub></siteslistitem-stub>
  <siteslistitem-stub></siteslistitem-stub>
  <siteslistitem-stub></siteslistitem-stub>
  <siteslistitem-stub></siteslistitem-stub>
  <siteslistitem-stub></siteslistitem-stub>
  <siteslistitem-stub></siteslistitem-stub>
  <siteslistitem-stub></siteslistitem-stub>
  <siteslistitem-stub></siteslistitem-stub>
  <siteslistitem-stub></siteslistitem-stub>
  <siteslistitem-stub></siteslistitem-stub>
  <siteslistitem-stub></siteslistitem-stub>
  <siteslistitem-stub></siteslistitem-stub>
  <siteslistitem-stub></siteslistitem-stub>
  <siteslistitem-stub></siteslistitem-stub>
  <siteslistitem-stub></siteslistitem-stub>
  <siteslistitem-stub></siteslistitem-stub>
  <siteslistitem-stub></siteslistitem-stub>
  <siteslistitem-stub></siteslistitem-stub>
  <siteslistitem-stub></siteslistitem-stub>
  <siteslistitem-stub></siteslistitem-stub>
  <siteslistitem-stub></siteslistitem-stub>
  <siteslistitem-stub></siteslistitem-stub>
  <siteslistitem-stub></siteslistitem-stub>
  <siteslistitem-stub></siteslistitem-stub>
  <siteslistitem-stub></siteslistitem-stub>
  <siteslistitem-stub></siteslistitem-stub>
  <siteslistitem-stub></siteslistitem-stub>
  <siteslistitem-stub></siteslistitem-stub>
  <siteslistitem-stub></siteslistitem-stub>
  <siteslistitem-stub></siteslistitem-stub>
  <siteslistitem-stub></siteslistitem-stub>
  <siteslistitem-stub></siteslistitem-stub>
  <siteslistitem-stub></siteslistitem-stub>
  <siteslistitem-stub></siteslistitem-stub>
  <siteslistitem-stub></siteslistitem-stub>
  <siteslistitem-stub></siteslistitem-stub>
  <siteslistitem-stub></siteslistitem-stub>
  <siteslistitem-stub></siteslistitem-stub>
  <siteslistitem-stub></siteslistitem-stub>
  <siteslistitem-stub></siteslistitem-stub>
  <siteslistitem-stub></siteslistitem-stub>
  <siteslistitem-stub></siteslistitem-stub>
  <siteslistitem-stub></siteslistitem-stub>
  <siteslistitem-stub></siteslistitem-stub>
  <siteslistitem-stub></siteslistitem-stub>
  <siteslistitem-stub></siteslistitem-stub>
  <siteslistitem-stub></siteslistitem-stub>
  <siteslistitem-stub></siteslistitem-stub>
  <siteslistitem-stub></siteslistitem-stub>
  <siteslistitem-stub></siteslistitem-stub>
  <siteslistitem-stub></siteslistitem-stub>
  <siteslistitem-stub></siteslistitem-stub>
  <siteslistitem-stub></siteslistitem-stub>
  <siteslistitem-stub></siteslistitem-stub>
  <siteslistitem-stub></siteslistitem-stub>
  <siteslistitem-stub></siteslistitem-stub>
  <siteslistitem-stub></siteslistitem-stub>
  <siteslistitem-stub></siteslistitem-stub>
  <siteslistitem-stub></siteslistitem-stub>
  <siteslistitem-stub></siteslistitem-stub>
  <siteslistitem-stub></siteslistitem-stub>
  <siteslistitem-stub></siteslistitem-stub>
  <siteslistitem-stub></siteslistitem-stub>
  <siteslistitem-stub></siteslistitem-stub>
  <siteslistitem-stub></siteslistitem-stub>
  <siteslistitem-stub></siteslistitem-stub>
  <siteslistitem-stub></siteslistitem-stub>
  <siteslistitem-stub></siteslistitem-stub>
  <siteslistitem-stub></siteslistitem-stub>
  <siteslistitem-stub></siteslistitem-stub>
  <siteslistitem-stub></siteslistitem-stub>
  <siteslistitem-stub></siteslistitem-stub>
  <siteslistitem-stub></siteslistitem-stub>
  <siteslistitem-stub></siteslistitem-stub>
  <siteslistitem-stub></siteslistitem-stub>
  <siteslistitem-stub></siteslistitem-stub>
  <siteslistitem-stub></siteslistitem-stub>
  <siteslistitem-stub></siteslistitem-stub>
  <siteslistitem-stub></siteslistitem-stub>
  <siteslistitem-stub></siteslistitem-stub>
  <siteslistitem-stub></siteslistitem-stub>
  <siteslistitem-stub></siteslistitem-stub>
  <siteslistitem-stub></siteslistitem-stub>
  <siteslistitem-stub></siteslistitem-stub>
  <siteslistitem-stub></siteslistitem-stub>
  <siteslistitem-stub></siteslistitem-stub>
  <siteslistitem-stub></siteslistitem-stub>
  <siteslistitem-stub></siteslistitem-stub>
  <siteslistitem-stub></siteslistitem-stub>
  <siteslistitem-stub></siteslistitem-stub>
  <siteslistitem-stub></siteslistitem-stub>
  <siteslistitem-stub></siteslistitem-stub>
  <siteslistitem-stub></siteslistitem-stub>
  <siteslistitem-stub></siteslistitem-stub>
  <siteslistitem-stub></siteslistitem-stub>
  <siteslistitem-stub></siteslistitem-stub>
  <siteslistitem-stub></siteslistitem-stub>
  <siteslistitem-stub></siteslistitem-stub>
  <siteslistitem-stub></siteslistitem-stub>
  <siteslistitem-stub></siteslistitem-stub>
  <siteslistitem-stub></siteslistitem-stub>
  <siteslistitem-stub></siteslistitem-stub>
  <siteslistitem-stub></siteslistitem-stub>
  <siteslistitem-stub></siteslistitem-stub>
  <siteslistitem-stub></siteslistitem-stub>
  <siteslistitem-stub></siteslistitem-stub>
  <siteslistitem-stub></siteslistitem-stub>
  <siteslistitem-stub></siteslistitem-stub>
  <siteslistitem-stub></siteslistitem-stub>
  <siteslistitem-stub></siteslistitem-stub>
  <siteslistitem-stub></siteslistitem-stub>
  <siteslistitem-stub></siteslistitem-stub>
  <siteslistitem-stub></siteslistitem-stub>
  <siteslistitem-stub></siteslistitem-stub>
  <siteslistitem-stub></siteslistitem-stub>
  <siteslistitem-stub></siteslistitem-stub>
  <siteslistitem-stub></siteslistitem-stub>
  <siteslistitem-stub></siteslistitem-stub>
  <siteslistitem-stub></siteslistitem-stub>
  <siteslistitem-stub></siteslistitem-stub>
  <siteslistitem-stub></siteslistitem-stub>
  <siteslistitem-stub></siteslistitem-stub>
  <siteslistitem-stub></siteslistitem-stub>
  <siteslistitem-stub></siteslistitem-stub>
  <siteslistitem-stub></siteslistitem-stub>
  <siteslistitem-stub></siteslistitem-stub>
  <siteslistitem-stub></siteslistitem-stub>
  <siteslistitem-stub></siteslistitem-stub>
  <siteslistitem-stub></siteslistitem-stub>
  <siteslistitem-stub></siteslistitem-stub>
  <siteslistitem-stub></siteslistitem-stub>
  <siteslistitem-stub></siteslistitem-stub>
  <siteslistitem-stub></siteslistitem-stub>
  <siteslistitem-stub></siteslistitem-stub>
  <siteslistitem-stub></siteslistitem-stub>
  <siteslistitem-stub></siteslistitem-stub>
  <siteslistitem-stub></siteslistitem-stub>
  <siteslistitem-stub></siteslistitem-stub>
  <siteslistitem-stub></siteslistitem-stub>
  <siteslistitem-stub></siteslistitem-stub>
  <siteslistitem-stub></siteslistitem-stub>
  <siteslistitem-stub></siteslistitem-stub>
  <siteslistitem-stub></siteslistitem-stub>
  <siteslistitem-stub></siteslistitem-stub>
  <siteslistitem-stub></siteslistitem-stub>
  <siteslistitem-stub></siteslistitem-stub>
  <siteslistitem-stub></siteslistitem-stub>
  <siteslistitem-stub></siteslistitem-stub>
  <siteslistitem-stub></siteslistitem-stub>
  <siteslistitem-stub></siteslistitem-stub>
  <siteslistitem-stub></siteslistitem-stub>
  <siteslistitem-stub></siteslistitem-stub>
  <siteslistitem-stub></siteslistitem-stub>
  <siteslistitem-stub></siteslistitem-stub>
  <siteslistitem-stub></siteslistitem-stub>
  <siteslistitem-stub></siteslistitem-stub>
  <siteslistitem-stub></siteslistitem-stub>
  <siteslistitem-stub></siteslistitem-stub>
  <siteslistitem-stub></siteslistitem-stub>
  <siteslistitem-stub></siteslistitem-stub>
  <siteslistitem-stub></siteslistitem-stub>
  <siteslistitem-stub></siteslistitem-stub>
  <siteslistitem-stub></siteslistitem-stub>
  <siteslistitem-stub></siteslistitem-stub>
  <siteslistitem-stub></siteslistitem-stub>
  <siteslistitem-stub></siteslistitem-stub>
  <siteslistitem-stub></siteslistitem-stub>
  <siteslistitem-stub></siteslistitem-stub>
  <siteslistitem-stub></siteslistitem-stub>
  <siteslistitem-stub></siteslistitem-stub>
  <siteslistitem-stub></siteslistitem-stub>
  <siteslistitem-stub></siteslistitem-stub>
  <siteslistitem-stub></siteslistitem-stub>
  <siteslistitem-stub></siteslistitem-stub>
  <siteslistitem-stub></siteslistitem-stub>
  <siteslistitem-stub></siteslistitem-stub>
  <siteslistitem-stub></siteslistitem-stub>
  <siteslistitem-stub></siteslistitem-stub>
  <siteslistitem-stub></siteslistitem-stub>
  <siteslistitem-stub></siteslistitem-stub>
  <siteslistitem-stub></siteslistitem-stub>
  <siteslistitem-stub></siteslistitem-stub>
  <siteslistitem-stub></siteslistitem-stub>
  <siteslistitem-stub></siteslistitem-stub>
  <siteslistitem-stub></siteslistitem-stub>
  <siteslistitem-stub></siteslistitem-stub>
  <siteslistitem-stub></siteslistitem-stub>
  <siteslistitem-stub></siteslistitem-stub>
  <siteslistitem-stub></siteslistitem-stub>
  <siteslistitem-stub></siteslistitem-stub>
  <siteslistitem-stub></siteslistitem-stub>
  <siteslistitem-stub></siteslistitem-stub>
  <siteslistitem-stub></siteslistitem-stub>
  <siteslistitem-stub></siteslistitem-stub>
  <siteslistitem-stub></siteslistitem-stub>
  <siteslistitem-stub></siteslistitem-stub>
  <siteslistitem-stub></siteslistitem-stub>
  <siteslistitem-stub></siteslistitem-stub>
  <siteslistitem-stub></siteslistitem-stub>
  <siteslistitem-stub></siteslistitem-stub>
  <siteslistitem-stub></siteslistitem-stub>
  <siteslistitem-stub></siteslistitem-stub>
  <siteslistitem-stub></siteslistitem-stub>
  <siteslistitem-stub></siteslistitem-stub>
  <siteslistitem-stub></siteslistitem-stub>
  <siteslistitem-stub></siteslistitem-stub>
  <siteslistitem-stub></siteslistitem-stub>
  <siteslistitem-stub></siteslistitem-stub>
  <siteslistitem-stub></siteslistitem-stub>
  <siteslistitem-stub></siteslistitem-stub>
  <siteslistitem-stub></siteslistitem-stub>
  <siteslistitem-stub></siteslistitem-stub>
  <siteslistitem-stub></siteslistitem-stub>
  <siteslistitem-stub></siteslistitem-stub>
  <siteslistitem-stub></siteslistitem-stub>
  <siteslistitem-stub></siteslistitem-stub>
  <siteslistitem-stub></siteslistitem-stub>
  <siteslistitem-stub></siteslistitem-stub>
  <siteslistitem-stub></siteslistitem-stub>
  <siteslistitem-stub></siteslistitem-stub>
  <siteslistitem-stub></siteslistitem-stub>
  <siteslistitem-stub></siteslistitem-stub>
  <siteslistitem-stub></siteslistitem-stub>
  <siteslistitem-stub></siteslistitem-stub>
  <siteslistitem-stub></siteslistitem-stub>
  <siteslistitem-stub></siteslistitem-stub>
  <siteslistitem-stub></siteslistitem-stub>
  <siteslistitem-stub></siteslistitem-stub>
  <siteslistitem-stub></siteslistitem-stub>
  <siteslistitem-stub></siteslistitem-stub>
  <siteslistitem-stub></siteslistitem-stub>
  <siteslistitem-stub></siteslistitem-stub>
  <siteslistitem-stub></siteslistitem-stub>
  <siteslistitem-stub></siteslistitem-stub>
  <siteslistitem-stub></siteslistitem-stub>
  <siteslistitem-stub></siteslistitem-stub>
  <siteslistitem-stub></siteslistitem-stub>
  <siteslistitem-stub></siteslistitem-stub>
  <siteslistitem-stub></siteslistitem-stub>
  <siteslistitem-stub></siteslistitem-stub>
  <siteslistitem-stub></siteslistitem-stub>
  <siteslistitem-stub></siteslistitem-stub>
  <siteslistitem-stub></siteslistitem-stub>
  <siteslistitem-stub></siteslistitem-stub>
  <siteslistitem-stub></siteslistitem-stub>
  <siteslistitem-stub></siteslistitem-stub>
  <siteslistitem-stub></siteslistitem-stub>
  <siteslistitem-stub></siteslistitem-stub>
  <siteslistitem-stub></siteslistitem-stub>
  <siteslistitem-stub></siteslistitem-stub>
  <siteslistitem-stub></siteslistitem-stub>
  <siteslistitem-stub></siteslistitem-stub>
  <siteslistitem-stub></siteslistitem-stub>
  <siteslistitem-stub></siteslistitem-stub>
  <siteslistitem-stub></siteslistitem-stub>
  <siteslistitem-stub></siteslistitem-stub>
  <siteslistitem-stub></siteslistitem-stub>
  <siteslistitem-stub></siteslistitem-stub>
  <siteslistitem-stub></siteslistitem-stub>
  <siteslistitem-stub></siteslistitem-stub>
  <siteslistitem-stub></siteslistitem-stub>
  <siteslistitem-stub></siteslistitem-stub>
  <siteslistitem-stub></siteslistitem-stub>
  <siteslistitem-stub></siteslistitem-stub>
  <siteslistitem-stub></siteslistitem-stub>
  <siteslistitem-stub></siteslistitem-stub>
  <siteslistitem-stub></siteslistitem-stub>
  <siteslistitem-stub></siteslistitem-stub>
  <siteslistitem-stub></siteslistitem-stub>
  <siteslistitem-stub></siteslistitem-stub>
  <siteslistitem-stub></siteslistitem-stub>
  <siteslistitem-stub></siteslistitem-stub>
  <siteslistitem-stub></siteslistitem-stub>
  <siteslistitem-stub></siteslistitem-stub>
  <siteslistitem-stub></siteslistitem-stub>
  <siteslistitem-stub></siteslistitem-stub>
  <siteslistitem-stub></siteslistitem-stub>
  <siteslistitem-stub></siteslistitem-stub>
  <siteslistitem-stub></siteslistitem-stub>
  <siteslistitem-stub></siteslistitem-stub>
  <siteslistitem-stub></siteslistitem-stub>
  <siteslistitem-stub></siteslistitem-stub>
  <siteslistitem-stub></siteslistitem-stub>
  <siteslistitem-stub></siteslistitem-stub>
  <siteslistitem-stub></siteslistitem-stub>
  <siteslistitem-stub></siteslistitem-stub>
  <siteslistitem-stub></siteslistitem-stub>
  <siteslistitem-stub></siteslistitem-stub>
  <siteslistitem-stub></siteslistitem-stub>
  <siteslistitem-stub></siteslistitem-stub>
  <siteslistitem-stub></siteslistitem-stub>
  <siteslistitem-stub></siteslistitem-stub>
  <siteslistitem-stub></siteslistitem-stub>
  <siteslistitem-stub></siteslistitem-stub>
  <siteslistitem-stub></siteslistitem-stub>
  <siteslistitem-stub></siteslistitem-stub>
  <siteslistitem-stub></siteslistitem-stub>
  <siteslistitem-stub></siteslistitem-stub>
  <siteslistitem-stub></siteslistitem-stub>
  <siteslistitem-stub></siteslistitem-stub>
  <siteslistitem-stub></siteslistitem-stub>
  <siteslistitem-stub></siteslistitem-stub>
  <siteslistitem-stub></siteslistitem-stub>
  <siteslistitem-stub></siteslistitem-stub>
  <siteslistitem-stub></siteslistitem-stub>
  <siteslistitem-stub></siteslistitem-stub>
  <siteslistitem-stub></siteslistitem-stub>
  <siteslistitem-stub></siteslistitem-stub>
  <siteslistitem-stub></siteslistitem-stub>
  <siteslistitem-stub></siteslistitem-stub>
  <siteslistitem-stub></siteslistitem-stub>
  <siteslistitem-stub></siteslistitem-stub>
  <siteslistitem-stub></siteslistitem-stub>
  <siteslistitem-stub></siteslistitem-stub>
  <siteslistitem-stub></siteslistitem-stub>
  <siteslistitem-stub></siteslistitem-stub>
  <siteslistitem-stub></siteslistitem-stub>
  <siteslistitem-stub></siteslistitem-stub>
  <siteslistitem-stub></siteslistitem-stub>
  <siteslistitem-stub></siteslistitem-stub>
  <siteslistitem-stub></siteslistitem-stub>
  <siteslistitem-stub></siteslistitem-stub>
  <siteslistitem-stub></siteslistitem-stub>
  <siteslistitem-stub></siteslistitem-stub>
  <siteslistitem-stub></siteslistitem-stub>
  <siteslistitem-stub></siteslistitem-stub>
  <siteslistitem-stub></siteslistitem-stub>
  <siteslistitem-stub></siteslistitem-stub>
  <siteslistitem-stub></siteslistitem-stub>
  <siteslistitem-stub></siteslistitem-stub>
  <siteslistitem-stub></siteslistitem-stub>
  <siteslistitem-stub></siteslistitem-stub>
  <siteslistitem-stub></siteslistitem-stub>
  <siteslistitem-stub></siteslistitem-stub>
  <siteslistitem-stub></siteslistitem-stub>
  <siteslistitem-stub></siteslistitem-stub>
  <siteslistitem-stub></siteslistitem-stub>
  <siteslistitem-stub></siteslistitem-stub>
  <siteslistitem-stub></siteslistitem-stub>
  <siteslistitem-stub></siteslistitem-stub>
  <siteslistitem-stub></siteslistitem-stub>
  <siteslistitem-stub></siteslistitem-stub>
  <siteslistitem-stub></siteslistitem-stub>
  <siteslistitem-stub></siteslistitem-stub>
  <siteslistitem-stub></siteslistitem-stub>
  <siteslistitem-stub></siteslistitem-stub>
  <siteslistitem-stub></siteslistitem-stub>
  <siteslistitem-stub></siteslistitem-stub>
  <siteslistitem-stub></siteslistitem-stub>
  <siteslistitem-stub></siteslistitem-stub>
  <siteslistitem-stub></siteslistitem-stub>
  <siteslistitem-stub></siteslistitem-stub>
  <siteslistitem-stub></siteslistitem-stub>
  <siteslistitem-stub></siteslistitem-stub>
  <siteslistitem-stub></siteslistitem-stub>
  <siteslistitem-stub></siteslistitem-stub>
  <siteslistitem-stub></siteslistitem-stub>
  <siteslistitem-stub></siteslistitem-stub>
  <siteslistitem-stub></siteslistitem-stub>
  <siteslistitem-stub></siteslistitem-stub>
  <siteslistitem-stub></siteslistitem-stub>
  <siteslistitem-stub></siteslistitem-stub>
  <siteslistitem-stub></siteslistitem-stub>
  <siteslistitem-stub></siteslistitem-stub>
  <siteslistitem-stub></siteslistitem-stub>
  <siteslistitem-stub></siteslistitem-stub>
  <siteslistitem-stub></siteslistitem-stub>
  <siteslistitem-stub></siteslistitem-stub>
  <siteslistitem-stub></siteslistitem-stub>
  <siteslistitem-stub></siteslistitem-stub>
  <siteslistitem-stub></siteslistitem-stub>
  <siteslistitem-stub></siteslistitem-stub>
  <siteslistitem-stub></siteslistitem-stub>
  <siteslistitem-stub></siteslistitem-stub>
  <siteslistitem-stub></siteslistitem-stub>
  <siteslistitem-stub></siteslistitem-stub>
  <siteslistitem-stub></siteslistitem-stub>
  <siteslistitem-stub></siteslistitem-stub>
  <siteslistitem-stub></siteslistitem-stub>
  <siteslistitem-stub></siteslistitem-stub>
  <siteslistitem-stub></siteslistitem-stub>
  <siteslistitem-stub></siteslistitem-stub>
  <siteslistitem-stub></siteslistitem-stub>
  <siteslistitem-stub></siteslistitem-stub>
  <siteslistitem-stub></siteslistitem-stub>
  <siteslistitem-stub></siteslistitem-stub>
  <siteslistitem-stub></siteslistitem-stub>
  <siteslistitem-stub></siteslistitem-stub>
  <siteslistitem-stub></siteslistitem-stub>
  <siteslistitem-stub></siteslistitem-stub>
  <siteslistitem-stub></siteslistitem-stub>
  <siteslistitem-stub></siteslistitem-stub>
  <siteslistitem-stub></siteslistitem-stub>
  <siteslistitem-stub></siteslistitem-stub>
  <siteslistitem-stub></siteslistitem-stub>
  <siteslistitem-stub></siteslistitem-stub>
  <siteslistitem-stub></siteslistitem-stub>
  <siteslistitem-stub></siteslistitem-stub>
  <siteslistitem-stub></siteslistitem-stub>
  <siteslistitem-stub></siteslistitem-stub>
  <siteslistitem-stub></siteslistitem-stub>
  <siteslistitem-stub></siteslistitem-stub>
  <siteslistitem-stub></siteslistitem-stub>
  <siteslistitem-stub></siteslistitem-stub>
  <siteslistitem-stub></siteslistitem-stub>
  <siteslistitem-stub></siteslistitem-stub>
  <siteslistitem-stub></siteslistitem-stub>
  <siteslistitem-stub></siteslistitem-stub>
  <siteslistitem-stub></siteslistitem-stub>
  <siteslistitem-stub></siteslistitem-stub>
  <siteslistitem-stub></siteslistitem-stub>
  <siteslistitem-stub></siteslistitem-stub>
  <siteslistitem-stub></siteslistitem-stub>
  <siteslistitem-stub></siteslistitem-stub>
  <siteslistitem-stub></siteslistitem-stub>
  <siteslistitem-stub></siteslistitem-stub>
  <siteslistitem-stub></siteslistitem-stub>
  <siteslistitem-stub></siteslistitem-stub>
  <siteslistitem-stub></siteslistitem-stub>
  <siteslistitem-stub></siteslistitem-stub>
  <siteslistitem-stub></siteslistitem-stub>
  <siteslistitem-stub></siteslistitem-stub>
  <siteslistitem-stub></siteslistitem-stub>
  <siteslistitem-stub></siteslistitem-stub>
  <siteslistitem-stub></siteslistitem-stub>
  <siteslistitem-stub></siteslistitem-stub>
  <siteslistitem-stub></siteslistitem-stub>
  <siteslistitem-stub></siteslistitem-stub>
  <siteslistitem-stub></siteslistitem-stub>
  <siteslistitem-stub></siteslistitem-stub>
  <siteslistitem-stub></siteslistitem-stub>
  <siteslistitem-stub></siteslistitem-stub>
  <siteslistitem-stub></siteslistitem-stub>
  <siteslistitem-stub></siteslistitem-stub>
  <siteslistitem-stub></siteslistitem-stub>
  <siteslistitem-stub></siteslistitem-stub>
  <siteslistitem-stub></siteslistitem-stub>
  <siteslistitem-stub></siteslistitem-stub>
  <siteslistitem-stub></siteslistitem-stub>
  <siteslistitem-stub></siteslistitem-stub>
  <siteslistitem-stub></siteslistitem-stub>
  <siteslistitem-stub></siteslistitem-stub>
  <siteslistitem-stub></siteslistitem-stub>
  <siteslistitem-stub></siteslistitem-stub>
  <siteslistitem-stub></siteslistitem-stub>
  <siteslistitem-stub></siteslistitem-stub>
  <siteslistitem-stub></siteslistitem-stub>
  <siteslistitem-stub></siteslistitem-stub>
  <siteslistitem-stub></siteslistitem-stub>
  <siteslistitem-stub></siteslistitem-stub>
  <siteslistitem-stub></siteslistitem-stub>
  <siteslistitem-stub></siteslistitem-stub>
  <siteslistitem-stub></siteslistitem-stub>
  <siteslistitem-stub></siteslistitem-stub>
  <siteslistitem-stub></siteslistitem-stub>
  <siteslistitem-stub></siteslistitem-stub>
  <siteslistitem-stub></siteslistitem-stub>
  <siteslistitem-stub></siteslistitem-stub>
  <siteslistitem-stub></siteslistitem-stub>
  <siteslistitem-stub></siteslistitem-stub>
  <siteslistitem-stub></siteslistitem-stub>
  <siteslistitem-stub></siteslistitem-stub>
  <siteslistitem-stub></siteslistitem-stub>
  <siteslistitem-stub></siteslistitem-stub>
  <siteslistitem-stub></siteslistitem-stub>
  <siteslistitem-stub></siteslistitem-stub>
  <siteslistitem-stub></siteslistitem-stub>
  <siteslistitem-stub></siteslistitem-stub>
  <siteslistitem-stub></siteslistitem-stub>
  <siteslistitem-stub></siteslistitem-stub>
  <siteslistitem-stub></siteslistitem-stub>
  <siteslistitem-stub></siteslistitem-stub>
  <siteslistitem-stub></siteslistitem-stub>
  <siteslistitem-stub></siteslistitem-stub>
  <siteslistitem-stub></siteslistitem-stub>
  <siteslistitem-stub></siteslistitem-stub>
  <siteslistitem-stub></siteslistitem-stub>
  <siteslistitem-stub></siteslistitem-stub>
  <siteslistitem-stub></siteslistitem-stub>
  <siteslistitem-stub></siteslistitem-stub>
  <siteslistitem-stub></siteslistitem-stub>
  <siteslistitem-stub></siteslistitem-stub>
  <siteslistitem-stub></siteslistitem-stub>
  <siteslistitem-stub></siteslistitem-stub>
  <siteslistitem-stub></siteslistitem-stub>
  <siteslistitem-stub></siteslistitem-stub>
  <siteslistitem-stub></siteslistitem-stub>
  <siteslistitem-stub></siteslistitem-stub>
  <siteslistitem-stub></siteslistitem-stub>
  <siteslistitem-stub></siteslistitem-stub>
  <siteslistitem-stub></siteslistitem-stub>
  <siteslistitem-stub></siteslistitem-stub>
  <siteslistitem-stub></siteslistitem-stub>
  <siteslistitem-stub></siteslistitem-stub>
  <siteslistitem-stub></siteslistitem-stub>
  <siteslistitem-stub></siteslistitem-stub>
  <siteslistitem-stub></siteslistitem-stub>
  <siteslistitem-stub></siteslistitem-stub>
  <siteslistitem-stub></siteslistitem-stub>
  <siteslistitem-stub></siteslistitem-stub>
  <siteslistitem-stub></siteslistitem-stub>
  <siteslistitem-stub></siteslistitem-stub>
  <siteslistitem-stub></siteslistitem-stub>
  <siteslistitem-stub></siteslistitem-stub>
  <siteslistitem-stub></siteslistitem-stub>
  <siteslistitem-stub></siteslistitem-stub>
  <siteslistitem-stub></siteslistitem-stub>
  <siteslistitem-stub></siteslistitem-stub>
  <siteslistitem-stub></siteslistitem-stub>
  <siteslistitem-stub></siteslistitem-stub>
  <siteslistitem-stub></siteslistitem-stub>
  <siteslistitem-stub></siteslistitem-stub>
  <siteslistitem-stub></siteslistitem-stub>
  <siteslistitem-stub></siteslistitem-stub>
  <siteslistitem-stub></siteslistitem-stub>
  <siteslistitem-stub></siteslistitem-stub>
  <siteslistitem-stub></siteslistitem-stub>
  <siteslistitem-stub></siteslistitem-stub>
  <siteslistitem-stub></siteslistitem-stub>
  <siteslistitem-stub></siteslistitem-stub>
  <siteslistitem-stub></siteslistitem-stub>
  <siteslistitem-stub></siteslistitem-stub>
  <siteslistitem-stub></siteslistitem-stub>
  <siteslistitem-stub></siteslistitem-stub>
  <siteslistitem-stub></siteslistitem-stub>
  <siteslistitem-stub></siteslistitem-stub>
  <siteslistitem-stub></siteslistitem-stub>
  <siteslistitem-stub></siteslistitem-stub>
  <siteslistitem-stub></siteslistitem-stub>
  <siteslistitem-stub></siteslistitem-stub>
  <siteslistitem-stub></siteslistitem-stub>
  <siteslistitem-stub></siteslistitem-stub>
  <siteslistitem-stub></siteslistitem-stub>
  <siteslistitem-stub></siteslistitem-stub>
  <siteslistitem-stub></siteslistitem-stub>
  <siteslistitem-stub></siteslistitem-stub>
  <siteslistitem-stub></siteslistitem-stub>
  <siteslistitem-stub></siteslistitem-stub>
  <siteslistitem-stub></siteslistitem-stub>
  <siteslistitem-stub></siteslistitem-stub>
  <siteslistitem-stub></siteslistitem-stub>
  <siteslistitem-stub></siteslistitem-stub>
  <siteslistitem-stub></siteslistitem-stub>
  <siteslistitem-stub></siteslistitem-stub>
  <siteslistitem-stub></siteslistitem-stub>
  <siteslistitem-stub></siteslistitem-stub>
  <siteslistitem-stub></siteslistitem-stub>
  <siteslistitem-stub></siteslistitem-stub>
  <siteslistitem-stub></siteslistitem-stub>
  <siteslistitem-stub></siteslistitem-stub>
  <siteslistitem-stub></siteslistitem-stub>
  <siteslistitem-stub></siteslistitem-stub>
  <siteslistitem-stub></siteslistitem-stub>
  <siteslistitem-stub></siteslistitem-stub>
  <siteslistitem-stub></siteslistitem-stub>
  <siteslistitem-stub></siteslistitem-stub>
  <siteslistitem-stub></siteslistitem-stub>
  <siteslistitem-stub></siteslistitem-stub>
  <siteslistitem-stub></siteslistitem-stub>
  <siteslistitem-stub></siteslistitem-stub>
  <siteslistitem-stub></siteslistitem-stub>
  <siteslistitem-stub></siteslistitem-stub>
  <siteslistitem-stub></siteslistitem-stub>
  <siteslistitem-stub></siteslistitem-stub>
  <siteslistitem-stub></siteslistitem-stub>
  <siteslistitem-stub></siteslistitem-stub>
  <siteslistitem-stub></siteslistitem-stub>
  <siteslistitem-stub></siteslistitem-stub>
  <siteslistitem-stub></siteslistitem-stub>
  <siteslistitem-stub></siteslistitem-stub>
  <siteslistitem-stub></siteslistitem-stub>
  <siteslistitem-stub></siteslistitem-stub>
  <siteslistitem-stub></siteslistitem-stub>
  <siteslistitem-stub></siteslistitem-stub>
  <siteslistitem-stub></siteslistitem-stub>
  <siteslistitem-stub></siteslistitem-stub>
  <siteslistitem-stub></siteslistitem-stub>
  <siteslistitem-stub></siteslistitem-stub>
  <siteslistitem-stub></siteslistitem-stub>
  <siteslistitem-stub></siteslistitem-stub>
  <siteslistitem-stub></siteslistitem-stub>
  <siteslistitem-stub></siteslistitem-stub>
  <siteslistitem-stub></siteslistitem-stub>
  <siteslistitem-stub></siteslistitem-stub>
  <siteslistitem-stub></siteslistitem-stub>
  <siteslistitem-stub></siteslistitem-stub>
  <siteslistitem-stub></siteslistitem-stub>
  <siteslistitem-stub></siteslistitem-stub>
  <siteslistitem-stub></siteslistitem-stub>
  <siteslistitem-stub></siteslistitem-stub>
  <siteslistitem-stub></siteslistitem-stub>
  <siteslistitem-stub></siteslistitem-stub>
  <siteslistitem-stub></siteslistitem-stub>
  <siteslistitem-stub></siteslistitem-stub>
  <siteslistitem-stub></siteslistitem-stub>
  <siteslistitem-stub></siteslistitem-stub>
  <siteslistitem-stub></siteslistitem-stub>
  <siteslistitem-stub></siteslistitem-stub>
  <siteslistitem-stub></siteslistitem-stub>
  <siteslistitem-stub></siteslistitem-stub>
  <siteslistitem-stub></siteslistitem-stub>
  <siteslistitem-stub></siteslistitem-stub>
  <siteslistitem-stub></siteslistitem-stub>
  <siteslistitem-stub></siteslistitem-stub>
  <siteslistitem-stub></siteslistitem-stub>
  <siteslistitem-stub></siteslistitem-stub>
  <siteslistitem-stub></siteslistitem-stub>
  <siteslistitem-stub></siteslistitem-stub>
  <siteslistitem-stub></siteslistitem-stub>
  <siteslistitem-stub></siteslistitem-stub>
  <siteslistitem-stub></siteslistitem-stub>
  <siteslistitem-stub></siteslistitem-stub>
  <siteslistitem-stub></siteslistitem-stub>
  <siteslistitem-stub></siteslistitem-stub>
  <siteslistitem-stub></siteslistitem-stub>
  <siteslistitem-stub></siteslistitem-stub>
  <siteslistitem-stub></siteslistitem-stub>
  <siteslistitem-stub></siteslistitem-stub>
  <siteslistitem-stub></siteslistitem-stub>
  <siteslistitem-stub></siteslistitem-stub>
  <siteslistitem-stub></siteslistitem-stub>
  <siteslistitem-stub></siteslistitem-stub>
  <siteslistitem-stub></siteslistitem-stub>
  <siteslistitem-stub></siteslistitem-stub>
  <siteslistitem-stub></siteslistitem-stub>
  <siteslistitem-stub></siteslistitem-stub>
  <siteslistitem-stub></siteslistitem-stub>
  <siteslistitem-stub></siteslistitem-stub>
  <siteslistitem-stub></siteslistitem-stub>
  <siteslistitem-stub></siteslistitem-stub>
  <siteslistitem-stub></siteslistitem-stub>
  <siteslistitem-stub></siteslistitem-stub>
  <siteslistitem-stub></siteslistitem-stub>
  <siteslistitem-stub></siteslistitem-stub>
  <siteslistitem-stub></siteslistitem-stub>
  <siteslistitem-stub></siteslistitem-stub>
  <siteslistitem-stub></siteslistitem-stub>
  <siteslistitem-stub></siteslistitem-stub>
  <siteslistitem-stub></siteslistitem-stub>
  <siteslistitem-stub></siteslistitem-stub>
  <siteslistitem-stub></siteslistitem-stub>
  <siteslistitem-stub></siteslistitem-stub>
  <siteslistitem-stub></siteslistitem-stub>
  <siteslistitem-stub></siteslistitem-stub>
  <siteslistitem-stub></siteslistitem-stub>
  <siteslistitem-stub></siteslistitem-stub>
  <siteslistitem-stub></siteslistitem-stub>
  <siteslistitem-stub></siteslistitem-stub>
  <siteslistitem-stub></siteslistitem-stub>
  <siteslistitem-stub></siteslistitem-stub>
  <siteslistitem-stub></siteslistitem-stub>
  <siteslistitem-stub></siteslistitem-stub>
  <siteslistitem-stub></siteslistitem-stub>
  <siteslistitem-stub></siteslistitem-stub>
  <siteslistitem-stub></siteslistitem-stub>
  <siteslistitem-stub></siteslistitem-stub>
  <siteslistitem-stub></siteslistitem-stub>
  <siteslistitem-stub></siteslistitem-stub>
  <siteslistitem-stub></siteslistitem-stub>
  <siteslistitem-stub></siteslistitem-stub>
  <siteslistitem-stub></siteslistitem-stub>
  <siteslistitem-stub></siteslistitem-stub>
  <siteslistitem-stub></siteslistitem-stub>
  <siteslistitem-stub></siteslistitem-stub>
  <siteslistitem-stub></siteslistitem-stub>
  <siteslistitem-stub></siteslistitem-stub>
  <siteslistitem-stub></siteslistitem-stub>
  <siteslistitem-stub></siteslistitem-stub>
  <siteslistitem-stub></siteslistitem-stub>
  <siteslistitem-stub></siteslistitem-stub>
  <siteslistitem-stub></siteslistitem-stub>
  <siteslistitem-stub></siteslistitem-stub>
  <siteslistitem-stub></siteslistitem-stub>
  <siteslistitem-stub></siteslistitem-stub>
  <siteslistitem-stub></siteslistitem-stub>
  <siteslistitem-stub></siteslistitem-stub>
  <siteslistitem-stub></siteslistitem-stub>
  <siteslistitem-stub></siteslistitem-stub>
  <siteslistitem-stub></siteslistitem-stub>
  <siteslistitem-stub></siteslistitem-stub>
  <siteslistitem-stub></siteslistitem-stub>
  <siteslistitem-stub></siteslistitem-stub>
  <siteslistitem-stub></siteslistitem-stub>
  <siteslistitem-stub></siteslistitem-stub>
  <siteslistitem-stub></siteslistitem-stub>
  <siteslistitem-stub></siteslistitem-stub>
  <siteslistitem-stub></siteslistitem-stub>
  <siteslistitem-stub></siteslistitem-stub>
  <siteslistitem-stub></siteslistitem-stub>
  <siteslistitem-stub></siteslistitem-stub>
  <siteslistitem-stub></siteslistitem-stub>
  <siteslistitem-stub></siteslistitem-stub>
  <siteslistitem-stub></siteslistitem-stub>
  <siteslistitem-stub></siteslistitem-stub>
  <siteslistitem-stub></siteslistitem-stub>
  <siteslistitem-stub></siteslistitem-stub>
  <siteslistitem-stub></siteslistitem-stub>
  <siteslistitem-stub></siteslistitem-stub>
  <siteslistitem-stub></siteslistitem-stub>
  <siteslistitem-stub></siteslistitem-stub>
  <siteslistitem-stub></siteslistitem-stub>
  <siteslistitem-stub></siteslistitem-stub>
  <siteslistitem-stub></siteslistitem-stub>
  <siteslistitem-stub></siteslistitem-stub>
  <siteslistitem-stub></siteslistitem-stub>
  <siteslistitem-stub></siteslistitem-stub>
  <siteslistitem-stub></siteslistitem-stub>
  <siteslistitem-stub></siteslistitem-stub>
  <siteslistitem-stub></siteslistitem-stub>
  <siteslistitem-stub></siteslistitem-stub>
  <siteslistitem-stub></siteslistitem-stub>
  <siteslistitem-stub></siteslistitem-stub>
  <siteslistitem-stub></siteslistitem-stub>
  <siteslistitem-stub></siteslistitem-stub>
  <siteslistitem-stub></siteslistitem-stub>
  <siteslistitem-stub></siteslistitem-stub>
  <siteslistitem-stub></siteslistitem-stub>
  <siteslistitem-stub></siteslistitem-stub>
  <siteslistitem-stub></siteslistitem-stub>
  <siteslistitem-stub></siteslistitem-stub>
  <siteslistitem-stub></siteslistitem-stub>
  <siteslistitem-stub></siteslistitem-stub>
  <siteslistitem-stub></siteslistitem-stub>
  <siteslistitem-stub></siteslistitem-stub>
  <siteslistitem-stub></siteslistitem-stub>
  <siteslistitem-stub></siteslistitem-stub>
  <siteslistitem-stub></siteslistitem-stub>
  <siteslistitem-stub></siteslistitem-stub>
  <siteslistitem-stub></siteslistitem-stub>
  <siteslistitem-stub></siteslistitem-stub>
  <siteslistitem-stub></siteslistitem-stub>
  <siteslistitem-stub></siteslistitem-stub>
  <siteslistitem-stub></siteslistitem-stub>
  <siteslistitem-stub></siteslistitem-stub>
  <siteslistitem-stub></siteslistitem-stub>
  <siteslistitem-stub></siteslistitem-stub>
  <siteslistitem-stub></siteslistitem-stub>
  <siteslistitem-stub></siteslistitem-stub>
  <siteslistitem-stub></siteslistitem-stub>
  <siteslistitem-stub></siteslistitem-stub>
  <siteslistitem-stub></siteslistitem-stub>
  <siteslistitem-stub></siteslistitem-stub>
  <siteslistitem-stub></siteslistitem-stub>
  <siteslistitem-stub></siteslistitem-stub>
  <siteslistitem-stub></siteslistitem-stub>
  <siteslistitem-stub></siteslistitem-stub>
  <siteslistitem-stub></siteslistitem-stub>
  <siteslistitem-stub></siteslistitem-stub>
  <siteslistitem-stub></siteslistitem-stub>
  <siteslistitem-stub></siteslistitem-stub>
  <siteslistitem-stub></siteslistitem-stub>
  <siteslistitem-stub></siteslistitem-stub>
  <siteslistitem-stub></siteslistitem-stub>
  <siteslistitem-stub></siteslistitem-stub>
  <siteslistitem-stub></siteslistitem-stub>
  <siteslistitem-stub></siteslistitem-stub>
  <siteslistitem-stub></siteslistitem-stub>
  <siteslistitem-stub></siteslistitem-stub>
  <siteslistitem-stub></siteslistitem-stub>
  <siteslistitem-stub></siteslistitem-stub>
  <siteslistitem-stub></siteslistitem-stub>
  <siteslistitem-stub></siteslistitem-stub>
  <siteslistitem-stub></siteslistitem-stub>
  <siteslistitem-stub></siteslistitem-stub>
</ul>
`;
